{"synthetic": false,
 "schemaVersion": "2025-09-10",
 "outputs":
 {"o": ["5574dff1c1856386.olean"],
  "m": false,
  "i": "c3aa771f6330c0fb.ilean",
  "c": "66f0d173fac4ed5f.c"},
 "log":
 [{"message":
   ".> LEAN_PATH=C:\\lean\\mathlib4\\.lake\\packages\\Cli\\.lake\\build\\lib\\lean;C:\\lean\\mathlib4\\.lake\\packages\\batteries\\.lake\\build\\lib\\lean;C:\\lean\\mathlib4\\.lake\\packages\\Qq\\.lake\\build\\lib\\lean;C:\\lean\\mathlib4\\.lake\\packages\\aesop\\.lake\\build\\lib\\lean;C:\\lean\\mathlib4\\.lake\\packages\\proofwidgets\\.lake\\build\\lib\\lean;C:\\lean\\mathlib4\\.lake\\packages\\importGraph\\.lake\\build\\lib\\lean;C:\\lean\\mathlib4\\.lake\\packages\\LeanSearchClient\\.lake\\build\\lib\\lean;C:\\lean\\mathlib4\\.lake\\packages\\plausible\\.lake\\build\\lib\\lean;C:\\lean\\mathlib4\\.lake\\build\\lib\\lean;C:\\lean\\libs\\Lean-QEC\\.lake\\build\\lib\\lean c:\\Users\\Administrator\\.elan\\toolchains\\leanprover--lean4---v4.34.0-rc1\\bin\\lean.exe C:\\lean\\libs\\Lean-QEC\\LeanQEC\\Unitary\\Paulis\\PauliFolding.lean -o C:\\lean\\libs\\Lean-QEC\\.lake\\build\\lib\\lean\\LeanQEC\\Unitary\\Paulis\\PauliFolding.olean -i C:\\lean\\libs\\Lean-QEC\\.lake\\build\\lib\\lean\\LeanQEC\\Unitary\\Paulis\\PauliFolding.ilean -c C:\\lean\\libs\\Lean-QEC\\.lake\\build\\ir\\LeanQEC\\Unitary\\Paulis\\PauliFolding.c --setup C:\\lean\\libs\\Lean-QEC\\.lake\\build\\ir\\LeanQEC\\Unitary\\Paulis\\PauliFolding.setup.json --json",
   "level": "trace"}],
 "inputs":
 [["deps",
   [["LeanQEC/LeanQEC:extraDep", [["@LeanQEC:extraDep", "00000000000006bb"]]],
    ["imports",
     [["LeanQEC.Unitary.Basic transitive imports (legacy)", "12f1c6af021c1c5b"],
      ["LeanQEC.Unitary.Basic:importAllArts", "129a4f6624450684"],
      ["LeanQEC.States.Phase transitive imports (legacy)", "bdab7add2ee49c8b"],
      ["LeanQEC.States.Phase:importAllArts", "a51bdb41dc48d40d"],
      ["LeanQEC.AI_Generated.ne0_unitary transitive imports (legacy)",
       "781be12c13fb5463"],
      ["LeanQEC.AI_Generated.ne0_unitary:importAllArts", "4d1f80f559d78af8"],
      ["LeanQEC.AI_Generated.scalar_mat_is_one transitive imports (legacy)",
       "781be12c13fb5463"],
      ["LeanQEC.AI_Generated.scalar_mat_is_one:importAllArts",
       "19bd1d2ef739f32d"],
      ["LeanQEC.AI_Generated.KronNonsense transitive imports (legacy)",
       "781be12c13fb5463"],
      ["LeanQEC.AI_Generated.KronNonsense:importAllArts", "4ff868f0541307d6"],
      ["LeanQEC.AI_Generated.PauliBruteForce transitive imports (legacy)",
       "9c3f8b58635047f0"],
      ["LeanQEC.AI_Generated.PauliBruteForce:importAllArts",
       "83ae8e33d8e2d47f"],
      ["LeanQEC.Unitary.Paulis.Pauli1 transitive imports (legacy)",
       "5dedc65002ac3b48"],
      ["LeanQEC.Unitary.Paulis.Pauli1:importAllArts", "37431e04b1d035eb"],
      ["Batteries.Logic transitive imports (legacy)", "84e678db6d16ca11"],
      ["Batteries.Logic:importAllArts", "faf92e57aa2b8ada"],
      ["LeanQEC.Unitary.KronAssoc transitive imports (legacy)",
       "af3a6ec1c65029c0"],
      ["LeanQEC.Unitary.KronAssoc:importAllArts", "aeb5077bdf03a8d7"]]]]],
  ["libs",
   [["import dynlibs", "00000000000006bb"],
    ["package external libraries", "00000000000006bb"],
    ["module dynlibs", "00000000000006bb"],
    ["module plugins", "00000000000006bb"]]],
  ["Lean 4.34.0, commit 3447a668783dbce1a8fdb97101dd067687b2b418",
   "421484e3e0c70198"],
  ["C:\\lean\\libs\\Lean-QEC\\LeanQEC\\Unitary\\Paulis\\PauliFolding.lean",
   "2afcbbf4719ac679"],
  ["options", "00000000000006bb"],
  ["isModule: false", "feefd2a0d3a1847e"],
  ["Module.name: LeanQEC.Unitary.Paulis.PauliFolding", "64bb9f7e740d566e"],
  ["Package.id?: (some LeanQEC)", "2d2c6dec2b566741"],
  ["Module.leanArgs: #[]", "00000000000006bb"]],
 "depHash": "21b298b0ac6bcb70"}