{"synthetic": false,
 "schemaVersion": "2025-09-10",
 "outputs":
 {"o": ["55a877454a4df4ac.olean"],
  "m": false,
  "i": "14e2b1c56641496a.ilean",
  "c": "e83543cde246f70f.c"},
 "log":
 [{"message":
   ".> LEAN_PATH=C:\\lean\\mathlib4\\.lake\\packages\\Cli\\.lake\\build\\lib\\lean;C:\\lean\\mathlib4\\.lake\\packages\\batteries\\.lake\\build\\lib\\lean;C:\\lean\\mathlib4\\.lake\\packages\\Qq\\.lake\\build\\lib\\lean;C:\\lean\\mathlib4\\.lake\\packages\\aesop\\.lake\\build\\lib\\lean;C:\\lean\\mathlib4\\.lake\\packages\\proofwidgets\\.lake\\build\\lib\\lean;C:\\lean\\mathlib4\\.lake\\packages\\importGraph\\.lake\\build\\lib\\lean;C:\\lean\\mathlib4\\.lake\\packages\\LeanSearchClient\\.lake\\build\\lib\\lean;C:\\lean\\mathlib4\\.lake\\packages\\plausible\\.lake\\build\\lib\\lean;C:\\lean\\mathlib4\\.lake\\build\\lib\\lean;C:\\lean\\libs\\Lean-QEC\\.lake\\build\\lib\\lean c:\\Users\\Administrator\\.elan\\toolchains\\leanprover--lean4---v4.34.0\\bin\\lean.exe C:\\lean\\libs\\Lean-QEC\\LeanQEC\\Unitary\\Paulis\\Pauli1.lean -o C:\\lean\\libs\\Lean-QEC\\.lake\\build\\lib\\lean\\LeanQEC\\Unitary\\Paulis\\Pauli1.olean -i C:\\lean\\libs\\Lean-QEC\\.lake\\build\\lib\\lean\\LeanQEC\\Unitary\\Paulis\\Pauli1.ilean -c C:\\lean\\libs\\Lean-QEC\\.lake\\build\\ir\\LeanQEC\\Unitary\\Paulis\\Pauli1.c --setup C:\\lean\\libs\\Lean-QEC\\.lake\\build\\ir\\LeanQEC\\Unitary\\Paulis\\Pauli1.setup.json --json",
   "level": "trace"},
  {"message":
   "LeanQEC/Unitary/Paulis/Pauli1.lean:237:6: Try this:\n  [apply] rwa [pgroup_phases_star_move, pgphase_id_1] at this",
   "level": "info"}],
 "inputs":
 [["deps",
   [["LeanQEC/LeanQEC:extraDep", [["@LeanQEC:extraDep", "00000000000006bb"]]],
    ["imports",
     [["LeanQEC.Unitary.Basic transitive imports (legacy)", "3a6be24e044c382f"],
      ["LeanQEC.Unitary.Basic:importAllArts", "3035268bbadcb6c8"],
      ["LeanQEC.States.Phase transitive imports (legacy)", "91daa3a3e223cf8a"],
      ["LeanQEC.States.Phase:importAllArts", "acb6f4cf6e229b2d"],
      ["LeanQEC.AI_Generated.ne0_unitary transitive imports (legacy)",
       "d265958465839d19"],
      ["LeanQEC.AI_Generated.ne0_unitary:importAllArts", "5fc5f794520eeeb5"],
      ["LeanQEC.AI_Generated.scalar_mat_is_one transitive imports (legacy)",
       "d265958465839d19"],
      ["LeanQEC.AI_Generated.scalar_mat_is_one:importAllArts",
       "4d9e92faaedbe505"],
      ["LeanQEC.AI_Generated.KronNonsense transitive imports (legacy)",
       "d265958465839d19"],
      ["LeanQEC.AI_Generated.KronNonsense:importAllArts", "de21bdddd0638459"],
      ["LeanQEC.AI_Generated.PauliBruteForce transitive imports (legacy)",
       "5bea2bf05ab32d72"],
      ["LeanQEC.AI_Generated.PauliBruteForce:importAllArts",
       "d7f609eda8c4b9db"]]]]],
  ["libs",
   [["import dynlibs", "00000000000006bb"],
    ["package external libraries", "00000000000006bb"],
    ["module dynlibs", "00000000000006bb"],
    ["module plugins", "00000000000006bb"]]],
  ["Lean 4.34.0, commit 293d5d0c0c3f3dded4688b3ccd6a33939ac5102b",
   "a1c6c7aa3e9abfe7"],
  ["C:\\lean\\libs\\Lean-QEC\\LeanQEC\\Unitary\\Paulis\\Pauli1.lean",
   "029d52e17d57200e"],
  ["options", "00000000000006bb"],
  ["isModule: false", "feefd2a0d3a1847e"],
  ["Module.name: LeanQEC.Unitary.Paulis.Pauli1", "de8fd700e7893e3f"],
  ["Package.id?: (some LeanQEC)", "2d2c6dec2b566741"],
  ["Module.leanArgs: #[]", "00000000000006bb"]],
 "depHash": "ca00ac534d4e3017"}