{"synthetic": false,
 "schemaVersion": "2025-09-10",
 "outputs":
 {"o": ["865552f2711893f4.olean"],
  "m": false,
  "i": "27ae3f8cd56adc8f.ilean",
  "c": "4ea5e1d9904fe113.c"},
 "log":
 [{"message":
   ".> LEAN_PATH=C:\\lean\\mathlib4\\.lake\\packages\\Cli\\.lake\\build\\lib\\lean;C:\\lean\\mathlib4\\.lake\\packages\\batteries\\.lake\\build\\lib\\lean;C:\\lean\\mathlib4\\.lake\\packages\\Qq\\.lake\\build\\lib\\lean;C:\\lean\\mathlib4\\.lake\\packages\\aesop\\.lake\\build\\lib\\lean;C:\\lean\\mathlib4\\.lake\\packages\\proofwidgets\\.lake\\build\\lib\\lean;C:\\lean\\mathlib4\\.lake\\packages\\importGraph\\.lake\\build\\lib\\lean;C:\\lean\\mathlib4\\.lake\\packages\\LeanSearchClient\\.lake\\build\\lib\\lean;C:\\lean\\mathlib4\\.lake\\packages\\plausible\\.lake\\build\\lib\\lean;C:\\lean\\mathlib4\\.lake\\build\\lib\\lean;C:\\lean\\libs\\Lean-QEC\\.lake\\build\\lib\\lean c:\\Users\\Administrator\\.elan\\toolchains\\leanprover--lean4---v4.34.0\\bin\\lean.exe C:\\lean\\libs\\Lean-QEC\\LeanQEC\\Unitary\\Paulis\\PauliTrace.lean -o C:\\lean\\libs\\Lean-QEC\\.lake\\build\\lib\\lean\\LeanQEC\\Unitary\\Paulis\\PauliTrace.olean -i C:\\lean\\libs\\Lean-QEC\\.lake\\build\\lib\\lean\\LeanQEC\\Unitary\\Paulis\\PauliTrace.ilean -c C:\\lean\\libs\\Lean-QEC\\.lake\\build\\ir\\LeanQEC\\Unitary\\Paulis\\PauliTrace.c --setup C:\\lean\\libs\\Lean-QEC\\.lake\\build\\ir\\LeanQEC\\Unitary\\Paulis\\PauliTrace.setup.json --json",
   "level": "trace"}],
 "inputs":
 [["deps",
   [["LeanQEC/LeanQEC:extraDep", [["@LeanQEC:extraDep", "00000000000006bb"]]],
    ["imports",
     [["LeanQEC.Unitary.Paulis.PauliFolding transitive imports (legacy)",
       "c41d475129f48ae8"],
      ["LeanQEC.Unitary.Paulis.PauliFolding:importAllArts",
       "2fb180f3b217f76f"]]]]],
  ["libs",
   [["import dynlibs", "00000000000006bb"],
    ["package external libraries", "00000000000006bb"],
    ["module dynlibs", "00000000000006bb"],
    ["module plugins", "00000000000006bb"]]],
  ["Lean 4.34.0, commit 293d5d0c0c3f3dded4688b3ccd6a33939ac5102b",
   "a1c6c7aa3e9abfe7"],
  ["C:\\lean\\libs\\Lean-QEC\\LeanQEC\\Unitary\\Paulis\\PauliTrace.lean",
   "158ac3d8825c44cf"],
  ["options", "00000000000006bb"],
  ["isModule: false", "feefd2a0d3a1847e"],
  ["Module.name: LeanQEC.Unitary.Paulis.PauliTrace", "e656de0d5ea36703"],
  ["Package.id?: (some LeanQEC)", "2d2c6dec2b566741"],
  ["Module.leanArgs: #[]", "00000000000006bb"]],
 "depHash": "de624e155e80538e"}