{"synthetic": false,
 "schemaVersion": "2025-09-10",
 "outputs":
 {"o": ["e5a1c91a1576f513.olean"],
  "m": false,
  "i": "2e95f143ef18aaff.ilean",
  "c": "454d2ef9bd3df662.c"},
 "log":
 [{"message":
   ".> LEAN_PATH=C:\\lean\\mathlib4\\.lake\\packages\\Cli\\.lake\\build\\lib\\lean;C:\\lean\\mathlib4\\.lake\\packages\\batteries\\.lake\\build\\lib\\lean;C:\\lean\\mathlib4\\.lake\\packages\\Qq\\.lake\\build\\lib\\lean;C:\\lean\\mathlib4\\.lake\\packages\\aesop\\.lake\\build\\lib\\lean;C:\\lean\\mathlib4\\.lake\\packages\\proofwidgets\\.lake\\build\\lib\\lean;C:\\lean\\mathlib4\\.lake\\packages\\importGraph\\.lake\\build\\lib\\lean;C:\\lean\\mathlib4\\.lake\\packages\\LeanSearchClient\\.lake\\build\\lib\\lean;C:\\lean\\mathlib4\\.lake\\packages\\plausible\\.lake\\build\\lib\\lean;C:\\lean\\mathlib4\\.lake\\build\\lib\\lean;C:\\lean\\libs\\Lean-QEC\\.lake\\build\\lib\\lean c:\\Users\\Administrator\\.elan\\toolchains\\leanprover--lean4---v4.34.0\\bin\\lean.exe C:\\lean\\libs\\Lean-QEC\\LeanQEC\\Unitary\\Paulis\\Pauli.lean -o C:\\lean\\libs\\Lean-QEC\\.lake\\build\\lib\\lean\\LeanQEC\\Unitary\\Paulis\\Pauli.olean -i C:\\lean\\libs\\Lean-QEC\\.lake\\build\\lib\\lean\\LeanQEC\\Unitary\\Paulis\\Pauli.ilean -c C:\\lean\\libs\\Lean-QEC\\.lake\\build\\ir\\LeanQEC\\Unitary\\Paulis\\Pauli.c --setup C:\\lean\\libs\\Lean-QEC\\.lake\\build\\ir\\LeanQEC\\Unitary\\Paulis\\Pauli.setup.json --json",
   "level": "trace"}],
 "inputs":
 [["deps",
   [["LeanQEC/LeanQEC:extraDep", [["@LeanQEC:extraDep", "00000000000006bb"]]],
    ["imports",
     [["LeanQEC.Unitary.Basic transitive imports (legacy)", "3a6be24e044c382f"],
      ["LeanQEC.Unitary.Basic:importAllArts", "3035268bbadcb6c8"],
      ["LeanQEC.States.Phase transitive imports (legacy)", "91daa3a3e223cf8a"],
      ["LeanQEC.States.Phase:importAllArts", "acb6f4cf6e229b2d"],
      ["LeanQEC.AI_Generated.ne0_unitary transitive imports (legacy)",
       "d265958465839d19"],
      ["LeanQEC.AI_Generated.ne0_unitary:importAllArts", "5fc5f794520eeeb5"],
      ["LeanQEC.AI_Generated.scalar_mat_is_one transitive imports (legacy)",
       "d265958465839d19"],
      ["LeanQEC.AI_Generated.scalar_mat_is_one:importAllArts",
       "4d9e92faaedbe505"],
      ["LeanQEC.AI_Generated.KronNonsense transitive imports (legacy)",
       "d265958465839d19"],
      ["LeanQEC.AI_Generated.KronNonsense:importAllArts", "de21bdddd0638459"],
      ["LeanQEC.AI_Generated.PauliBruteForce transitive imports (legacy)",
       "5bea2bf05ab32d72"],
      ["LeanQEC.AI_Generated.PauliBruteForce:importAllArts",
       "d7f609eda8c4b9db"],
      ["LeanQEC.Unitary.Paulis.Pauli1 transitive imports (legacy)",
       "19f41718b4503670"],
      ["LeanQEC.Unitary.Paulis.Pauli1:importAllArts", "5e2dca570833ffeb"],
      ["LeanQEC.Unitary.Paulis.PauliFolding transitive imports (legacy)",
       "c41d475129f48ae8"],
      ["LeanQEC.Unitary.Paulis.PauliFolding:importAllArts", "2fb180f3b217f76f"],
      ["LeanQEC.Unitary.Paulis.PauliMul transitive imports (legacy)",
       "73b95e0af9fc5395"],
      ["LeanQEC.Unitary.Paulis.PauliMul:importAllArts", "2a24c3c512017526"],
      ["LeanQEC.Unitary.Paulis.PauliCommute transitive imports (legacy)",
       "e2fda50f2db358cc"],
      ["LeanQEC.Unitary.Paulis.PauliCommute:importAllArts",
       "5f84ca6dbc1efc55"]]]]],
  ["libs",
   [["import dynlibs", "00000000000006bb"],
    ["package external libraries", "00000000000006bb"],
    ["module dynlibs", "00000000000006bb"],
    ["module plugins", "00000000000006bb"]]],
  ["Lean 4.34.0, commit 293d5d0c0c3f3dded4688b3ccd6a33939ac5102b",
   "a1c6c7aa3e9abfe7"],
  ["C:\\lean\\libs\\Lean-QEC\\LeanQEC\\Unitary\\Paulis\\Pauli.lean",
   "f38f440bac5bfc95"],
  ["options", "00000000000006bb"],
  ["isModule: false", "feefd2a0d3a1847e"],
  ["Module.name: LeanQEC.Unitary.Paulis.Pauli", "6683dd9513d8ddb2"],
  ["Package.id?: (some LeanQEC)", "2d2c6dec2b566741"],
  ["Module.leanArgs: #[]", "00000000000006bb"]],
 "depHash": "8521019202a4924b"}