{"synthetic": false,
 "schemaVersion": "2025-09-10",
 "outputs":
 {"o": ["d732275e71100464.olean"],
  "m": false,
  "i": "fb150ac7894451cb.ilean",
  "c": "5b50d9e6971f598b.c"},
 "log":
 [{"message":
   ".> LEAN_PATH=C:\\lean\\mathlib4\\.lake\\packages\\Cli\\.lake\\build\\lib\\lean;C:\\lean\\mathlib4\\.lake\\packages\\batteries\\.lake\\build\\lib\\lean;C:\\lean\\mathlib4\\.lake\\packages\\Qq\\.lake\\build\\lib\\lean;C:\\lean\\mathlib4\\.lake\\packages\\aesop\\.lake\\build\\lib\\lean;C:\\lean\\mathlib4\\.lake\\packages\\proofwidgets\\.lake\\build\\lib\\lean;C:\\lean\\mathlib4\\.lake\\packages\\importGraph\\.lake\\build\\lib\\lean;C:\\lean\\mathlib4\\.lake\\packages\\LeanSearchClient\\.lake\\build\\lib\\lean;C:\\lean\\mathlib4\\.lake\\packages\\plausible\\.lake\\build\\lib\\lean;C:\\lean\\mathlib4\\.lake\\build\\lib\\lean;C:\\lean\\libs\\Lean-QEC\\.lake\\build\\lib\\lean;C:\\Users\\Administrator\\Desktop\\A_Papers\\Tianyuan\\论文B\\lean\\.lake\\build\\lib\\lean c:\\Users\\Administrator\\.elan\\toolchains\\leanprover--lean4---v4.34.0\\bin\\lean.exe C:\\lean\\libs\\Lean-QEC\\LeanQEC\\Classical_EC\\Basic.lean -o C:\\lean\\libs\\Lean-QEC\\.lake\\build\\lib\\lean\\LeanQEC\\Classical_EC\\Basic.olean -i C:\\lean\\libs\\Lean-QEC\\.lake\\build\\lib\\lean\\LeanQEC\\Classical_EC\\Basic.ilean -c C:\\lean\\libs\\Lean-QEC\\.lake\\build\\ir\\LeanQEC\\Classical_EC\\Basic.c --setup C:\\lean\\libs\\Lean-QEC\\.lake\\build\\ir\\LeanQEC\\Classical_EC\\Basic.setup.json --json",
   "level": "trace"}],
 "inputs":
 [["deps",
   [["LeanQEC/LeanQEC:extraDep", [["@LeanQEC:extraDep", "00000000000006bb"]]],
    ["imports",
     [["LeanQEC.States.BitVec transitive imports (legacy)", "d265958465839d19"],
      ["LeanQEC.States.BitVec:importAllArts", "da1126d833653a57"],
      ["Mathlib.LinearAlgebra.BilinearForm.Orthogonal transitive imports (legacy)",
       "420ca1f68ed2779f"],
      ["Mathlib.LinearAlgebra.BilinearForm.Orthogonal:importAllArts",
       "dfc873bc5cf0b27a"],
      ["LeanQEC.LinearAlgebra.RowspaceKernel transitive imports (legacy)",
       "d265958465839d19"],
      ["LeanQEC.LinearAlgebra.RowspaceKernel:importAllArts",
       "5c887b5c3f8ad0e4"]]]]],
  ["libs",
   [["import dynlibs", "00000000000006bb"],
    ["package external libraries", "00000000000006bb"],
    ["module dynlibs", "00000000000006bb"],
    ["module plugins", "00000000000006bb"]]],
  ["Lean 4.34.0, commit 293d5d0c0c3f3dded4688b3ccd6a33939ac5102b",
   "a1c6c7aa3e9abfe7"],
  ["C:\\lean\\libs\\Lean-QEC\\LeanQEC\\Classical_EC\\Basic.lean",
   "bee743a9b2744345"],
  ["options", "00000000000006bb"],
  ["isModule: false", "feefd2a0d3a1847e"],
  ["Module.name: LeanQEC.Classical_EC.Basic", "00bda4b653590778"],
  ["Package.id?: (some LeanQEC)", "2d2c6dec2b566741"],
  ["Module.leanArgs: #[]", "00000000000006bb"]],
 "depHash": "cceb22236634a081"}