{"synthetic": false,
 "schemaVersion": "2025-09-10",
 "outputs":
 {"o": ["f60b029b2225a950.olean"],
  "m": false,
  "i": "f3a6317aa7ac4d2d.ilean",
  "c": "9775349bb0481abf.c"},
 "log":
 [{"message":
   ".> LEAN_PATH=C:\\lean\\mathlib4\\.lake\\packages\\Cli\\.lake\\build\\lib\\lean;C:\\lean\\mathlib4\\.lake\\packages\\batteries\\.lake\\build\\lib\\lean;C:\\lean\\mathlib4\\.lake\\packages\\Qq\\.lake\\build\\lib\\lean;C:\\lean\\mathlib4\\.lake\\packages\\aesop\\.lake\\build\\lib\\lean;C:\\lean\\mathlib4\\.lake\\packages\\proofwidgets\\.lake\\build\\lib\\lean;C:\\lean\\mathlib4\\.lake\\packages\\importGraph\\.lake\\build\\lib\\lean;C:\\lean\\mathlib4\\.lake\\packages\\LeanSearchClient\\.lake\\build\\lib\\lean;C:\\lean\\mathlib4\\.lake\\packages\\plausible\\.lake\\build\\lib\\lean;C:\\lean\\mathlib4\\.lake\\build\\lib\\lean;C:\\lean\\libs\\Lean-QEC\\.lake\\build\\lib\\lean c:\\Users\\Administrator\\.elan\\toolchains\\leanprover--lean4---v4.34.0-rc1\\bin\\lean.exe C:\\lean\\libs\\Lean-QEC\\LeanQEC\\Unitary\\Basic.lean -o C:\\lean\\libs\\Lean-QEC\\.lake\\build\\lib\\lean\\LeanQEC\\Unitary\\Basic.olean -i C:\\lean\\libs\\Lean-QEC\\.lake\\build\\lib\\lean\\LeanQEC\\Unitary\\Basic.ilean -c C:\\lean\\libs\\Lean-QEC\\.lake\\build\\ir\\LeanQEC\\Unitary\\Basic.c --setup C:\\lean\\libs\\Lean-QEC\\.lake\\build\\ir\\LeanQEC\\Unitary\\Basic.setup.json --json",
   "level": "trace"}],
 "inputs":
 [["deps",
   [["LeanQEC/LeanQEC:extraDep", [["@LeanQEC:extraDep", "00000000000006bb"]]],
    ["imports",
     [["LeanQEC.QuantumInfoSkeleton transitive imports (legacy)",
       "781be12c13fb5463"],
      ["LeanQEC.QuantumInfoSkeleton:importAllArts", "a0a3d5aff81eaad6"],
      ["LeanQEC.States.BitVec transitive imports (legacy)", "781be12c13fb5463"],
      ["LeanQEC.States.BitVec:importAllArts", "e0d9d9ee291b14d5"],
      ["LeanQEC.LinearAlgebra.KroneckerLemmas transitive imports (legacy)",
       "781be12c13fb5463"],
      ["LeanQEC.LinearAlgebra.KroneckerLemmas:importAllArts",
       "1aab240526e0b150"],
      ["LeanQEC.States.Phase transitive imports (legacy)", "bdab7add2ee49c8b"],
      ["LeanQEC.States.Phase:importAllArts", "a51bdb41dc48d40d"],
      ["LeanQEC.AI_Generated.TediousLinearAlgebra transitive imports (legacy)",
       "781be12c13fb5463"],
      ["LeanQEC.AI_Generated.TediousLinearAlgebra:importAllArts",
       "87d5e88198688df2"],
      ["LeanQEC.AI_Generated.ne0_unitary transitive imports (legacy)",
       "781be12c13fb5463"],
      ["LeanQEC.AI_Generated.ne0_unitary:importAllArts",
       "4d1f80f559d78af8"]]]]],
  ["libs",
   [["import dynlibs", "00000000000006bb"],
    ["package external libraries", "00000000000006bb"],
    ["module dynlibs", "00000000000006bb"],
    ["module plugins", "00000000000006bb"]]],
  ["Lean 4.34.0, commit 3447a668783dbce1a8fdb97101dd067687b2b418",
   "421484e3e0c70198"],
  ["C:\\lean\\libs\\Lean-QEC\\LeanQEC\\Unitary\\Basic.lean",
   "e362c3739736cd1b"],
  ["options", "00000000000006bb"],
  ["isModule: false", "feefd2a0d3a1847e"],
  ["Module.name: LeanQEC.Unitary.Basic", "45f118f7fc2dd72f"],
  ["Package.id?: (some LeanQEC)", "2d2c6dec2b566741"],
  ["Module.leanArgs: #[]", "00000000000006bb"]],
 "depHash": "10c01c80852589f7"}