{"synthetic": false,
 "schemaVersion": "2025-09-10",
 "outputs":
 {"o": ["1ccefcbaa2d4a87b.olean"],
  "m": false,
  "i": "8e3dfc7155235f7f.ilean",
  "c": "c2e2d026af1fb468.c"},
 "log":
 [{"message":
   ".> LEAN_PATH=C:\\lean\\mathlib4\\.lake\\packages\\Cli\\.lake\\build\\lib\\lean;C:\\lean\\mathlib4\\.lake\\packages\\batteries\\.lake\\build\\lib\\lean;C:\\lean\\mathlib4\\.lake\\packages\\Qq\\.lake\\build\\lib\\lean;C:\\lean\\mathlib4\\.lake\\packages\\aesop\\.lake\\build\\lib\\lean;C:\\lean\\mathlib4\\.lake\\packages\\proofwidgets\\.lake\\build\\lib\\lean;C:\\lean\\mathlib4\\.lake\\packages\\importGraph\\.lake\\build\\lib\\lean;C:\\lean\\mathlib4\\.lake\\packages\\LeanSearchClient\\.lake\\build\\lib\\lean;C:\\lean\\mathlib4\\.lake\\packages\\plausible\\.lake\\build\\lib\\lean;C:\\lean\\mathlib4\\.lake\\build\\lib\\lean;C:\\lean\\libs\\Lean-QEC\\.lake\\build\\lib\\lean c:\\Users\\Administrator\\.elan\\toolchains\\leanprover--lean4---v4.34.0-rc1\\bin\\lean.exe C:\\lean\\libs\\Lean-QEC\\LeanQEC\\States\\Phase.lean -o C:\\lean\\libs\\Lean-QEC\\.lake\\build\\lib\\lean\\LeanQEC\\States\\Phase.olean -i C:\\lean\\libs\\Lean-QEC\\.lake\\build\\lib\\lean\\LeanQEC\\States\\Phase.ilean -c C:\\lean\\libs\\Lean-QEC\\.lake\\build\\ir\\LeanQEC\\States\\Phase.c --setup C:\\lean\\libs\\Lean-QEC\\.lake\\build\\ir\\LeanQEC\\States\\Phase.setup.json --json",
   "level": "trace"}],
 "inputs":
 [["deps",
   [["LeanQEC/LeanQEC:extraDep", [["@LeanQEC:extraDep", "00000000000006bb"]]],
    ["imports",
     [["Mathlib transitive imports (legacy)", "b616e9641d7cce5e"],
      ["Mathlib:importAllArts", "44e495f36cae4177"],
      ["LeanQEC.AI_Generated.TediousLinearAlgebra transitive imports (legacy)",
       "781be12c13fb5463"],
      ["LeanQEC.AI_Generated.TediousLinearAlgebra:importAllArts",
       "87d5e88198688df2"]]]]],
  ["libs",
   [["import dynlibs", "00000000000006bb"],
    ["package external libraries", "00000000000006bb"],
    ["module dynlibs", "00000000000006bb"],
    ["module plugins", "00000000000006bb"]]],
  ["Lean 4.34.0, commit 3447a668783dbce1a8fdb97101dd067687b2b418",
   "421484e3e0c70198"],
  ["C:\\lean\\libs\\Lean-QEC\\LeanQEC\\States\\Phase.lean", "69d5cd665fac46c1"],
  ["options", "00000000000006bb"],
  ["isModule: false", "feefd2a0d3a1847e"],
  ["Module.name: LeanQEC.States.Phase", "9bdf8c71967eb6b7"],
  ["Package.id?: (some LeanQEC)", "2d2c6dec2b566741"],
  ["Module.leanArgs: #[]", "00000000000006bb"]],
 "depHash": "4c126980f4263c80"}