{"synthetic": false,
 "schemaVersion": "2025-09-10",
 "outputs":
 {"o": ["f468265df39e8edd.olean"],
  "m": false,
  "i": "0c909f51aec30c64.ilean",
  "c": "bbec7877b6681ed1.c"},
 "log":
 [{"message":
   ".> LEAN_PATH=C:\\lean\\mathlib4\\.lake\\packages\\Cli\\.lake\\build\\lib\\lean;C:\\lean\\mathlib4\\.lake\\packages\\batteries\\.lake\\build\\lib\\lean;C:\\lean\\mathlib4\\.lake\\packages\\Qq\\.lake\\build\\lib\\lean;C:\\lean\\mathlib4\\.lake\\packages\\aesop\\.lake\\build\\lib\\lean;C:\\lean\\mathlib4\\.lake\\packages\\proofwidgets\\.lake\\build\\lib\\lean;C:\\lean\\mathlib4\\.lake\\packages\\importGraph\\.lake\\build\\lib\\lean;C:\\lean\\mathlib4\\.lake\\packages\\LeanSearchClient\\.lake\\build\\lib\\lean;C:\\lean\\mathlib4\\.lake\\packages\\plausible\\.lake\\build\\lib\\lean;C:\\lean\\mathlib4\\.lake\\build\\lib\\lean;C:\\lean\\libs\\Lean-QEC\\.lake\\build\\lib\\lean c:\\Users\\Administrator\\.elan\\toolchains\\leanprover--lean4---v4.34.0-rc1\\bin\\lean.exe C:\\lean\\libs\\Lean-QEC\\LeanQEC\\AI_Generated\\Pauli1Mul.lean -o C:\\lean\\libs\\Lean-QEC\\.lake\\build\\lib\\lean\\LeanQEC\\AI_Generated\\Pauli1Mul.olean -i C:\\lean\\libs\\Lean-QEC\\.lake\\build\\lib\\lean\\LeanQEC\\AI_Generated\\Pauli1Mul.ilean -c C:\\lean\\libs\\Lean-QEC\\.lake\\build\\ir\\LeanQEC\\AI_Generated\\Pauli1Mul.c --setup C:\\lean\\libs\\Lean-QEC\\.lake\\build\\ir\\LeanQEC\\AI_Generated\\Pauli1Mul.setup.json --json",
   "level": "trace"}],
 "inputs":
 [["deps",
   [["LeanQEC/LeanQEC:extraDep", [["@LeanQEC:extraDep", "00000000000006bb"]]],
    ["imports",
     [["Mathlib transitive imports (legacy)", "b616e9641d7cce5e"],
      ["Mathlib:importAllArts", "44e495f36cae4177"],
      ["LeanQEC.Unitary.Basic transitive imports (legacy)", "12f1c6af021c1c5b"],
      ["LeanQEC.Unitary.Basic:importAllArts", "129a4f6624450684"],
      ["LeanQEC.States.Phase transitive imports (legacy)", "bdab7add2ee49c8b"],
      ["LeanQEC.States.Phase:importAllArts", "a51bdb41dc48d40d"],
      ["LeanQEC.Unitary.Paulis.Pauli1 transitive imports (legacy)",
       "5dedc65002ac3b48"],
      ["LeanQEC.Unitary.Paulis.Pauli1:importAllArts", "37431e04b1d035eb"],
      ["LeanQEC.Unitary.Paulis.PauliFolding transitive imports (legacy)",
       "1984c85e2b22797f"],
      ["LeanQEC.Unitary.Paulis.PauliFolding:importAllArts",
       "667197b03e6dab06"]]]]],
  ["libs",
   [["import dynlibs", "00000000000006bb"],
    ["package external libraries", "00000000000006bb"],
    ["module dynlibs", "00000000000006bb"],
    ["module plugins", "00000000000006bb"]]],
  ["Lean 4.34.0, commit 3447a668783dbce1a8fdb97101dd067687b2b418",
   "421484e3e0c70198"],
  ["C:\\lean\\libs\\Lean-QEC\\LeanQEC\\AI_Generated\\Pauli1Mul.lean",
   "ea708ebed5175aa6"],
  ["options", "00000000000006bb"],
  ["isModule: false", "feefd2a0d3a1847e"],
  ["Module.name: LeanQEC.AI_Generated.Pauli1Mul", "5b76d8883405f371"],
  ["Package.id?: (some LeanQEC)", "2d2c6dec2b566741"],
  ["Module.leanArgs: #[]", "00000000000006bb"]],
 "depHash": "f7a89460cf55ee3e"}