{"synthetic": false,
 "schemaVersion": "2025-09-10",
 "outputs":
 {"o": ["a6e8190e6511b345.olean"],
  "m": false,
  "i": "a06ef40d5e6a1c37.ilean",
  "c": "6c12618371ce3106.c"},
 "log":
 [{"message":
   ".> LEAN_PATH=C:\\lean\\mathlib4\\.lake\\packages\\Cli\\.lake\\build\\lib\\lean;C:\\lean\\mathlib4\\.lake\\packages\\batteries\\.lake\\build\\lib\\lean;C:\\lean\\mathlib4\\.lake\\packages\\Qq\\.lake\\build\\lib\\lean;C:\\lean\\mathlib4\\.lake\\packages\\aesop\\.lake\\build\\lib\\lean;C:\\lean\\mathlib4\\.lake\\packages\\proofwidgets\\.lake\\build\\lib\\lean;C:\\lean\\mathlib4\\.lake\\packages\\importGraph\\.lake\\build\\lib\\lean;C:\\lean\\mathlib4\\.lake\\packages\\LeanSearchClient\\.lake\\build\\lib\\lean;C:\\lean\\mathlib4\\.lake\\packages\\plausible\\.lake\\build\\lib\\lean;C:\\lean\\mathlib4\\.lake\\build\\lib\\lean;C:\\lean\\libs\\Lean-QEC\\.lake\\build\\lib\\lean c:\\Users\\Administrator\\.elan\\toolchains\\leanprover--lean4---v4.34.0-rc1\\bin\\lean.exe C:\\lean\\libs\\Lean-QEC\\LeanQEC\\AI_Generated\\PauliBruteForce.lean -o C:\\lean\\libs\\Lean-QEC\\.lake\\build\\lib\\lean\\LeanQEC\\AI_Generated\\PauliBruteForce.olean -i C:\\lean\\libs\\Lean-QEC\\.lake\\build\\lib\\lean\\LeanQEC\\AI_Generated\\PauliBruteForce.ilean -c C:\\lean\\libs\\Lean-QEC\\.lake\\build\\ir\\LeanQEC\\AI_Generated\\PauliBruteForce.c --setup C:\\lean\\libs\\Lean-QEC\\.lake\\build\\ir\\LeanQEC\\AI_Generated\\PauliBruteForce.setup.json --json",
   "level": "trace"}],
 "inputs":
 [["deps",
   [["LeanQEC/LeanQEC:extraDep", [["@LeanQEC:extraDep", "00000000000006bb"]]],
    ["imports",
     [["Mathlib.LinearAlgebra.Matrix.Defs transitive imports (legacy)",
       "7d2f80da9d61d196"],
      ["Mathlib.LinearAlgebra.Matrix.Defs:importAllArts", "43958b11a881d037"],
      ["Mathlib.LinearAlgebra.Matrix.Notation transitive imports (legacy)",
       "00dda446a3ddb8c7"],
      ["Mathlib.LinearAlgebra.Matrix.Notation:importAllArts",
       "661783f94c517390"],
      ["Mathlib.Data.Complex.Basic transitive imports (legacy)",
       "8acf827aa9b4fc6a"],
      ["Mathlib.Data.Complex.Basic:importAllArts", "eb0193a8a0a5a55d"],
      ["Mathlib.Tactic.Linarith.Frontend transitive imports (legacy)",
       "a8f871c4f3e0409b"],
      ["Mathlib.Tactic.Linarith.Frontend:importAllArts",
       "5c8647a3c925fe03"]]]]],
  ["libs",
   [["import dynlibs", "00000000000006bb"],
    ["package external libraries", "00000000000006bb"],
    ["module dynlibs", "00000000000006bb"],
    ["module plugins", "00000000000006bb"]]],
  ["Lean 4.34.0, commit 3447a668783dbce1a8fdb97101dd067687b2b418",
   "421484e3e0c70198"],
  ["C:\\lean\\libs\\Lean-QEC\\LeanQEC\\AI_Generated\\PauliBruteForce.lean",
   "0b578706e1dc2b2b"],
  ["options", "00000000000006bb"],
  ["isModule: false", "feefd2a0d3a1847e"],
  ["Module.name: LeanQEC.AI_Generated.PauliBruteForce", "06c81fbe49f971b5"],
  ["Package.id?: (some LeanQEC)", "2d2c6dec2b566741"],
  ["Module.leanArgs: #[]", "00000000000006bb"]],
 "depHash": "0b0b50efbd9cc566"}