{"synthetic": false,
 "schemaVersion": "2025-09-10",
 "outputs":
 {"o": ["ad60b0333d75524d.olean"],
  "m": false,
  "i": "29dd16e7f414ab40.ilean",
  "c": "59252cb6db557d8b.c"},
 "log":
 [{"message":
   ".> LEAN_PATH=C:\\lean\\mathlib4\\.lake\\packages\\Cli\\.lake\\build\\lib\\lean;C:\\lean\\mathlib4\\.lake\\packages\\batteries\\.lake\\build\\lib\\lean;C:\\lean\\mathlib4\\.lake\\packages\\Qq\\.lake\\build\\lib\\lean;C:\\lean\\mathlib4\\.lake\\packages\\aesop\\.lake\\build\\lib\\lean;C:\\lean\\mathlib4\\.lake\\packages\\proofwidgets\\.lake\\build\\lib\\lean;C:\\lean\\mathlib4\\.lake\\packages\\importGraph\\.lake\\build\\lib\\lean;C:\\lean\\mathlib4\\.lake\\packages\\LeanSearchClient\\.lake\\build\\lib\\lean;C:\\lean\\mathlib4\\.lake\\packages\\plausible\\.lake\\build\\lib\\lean;C:\\lean\\mathlib4\\.lake\\build\\lib\\lean;C:\\lean\\libs\\Lean-QEC\\.lake\\build\\lib\\lean c:\\Users\\Administrator\\.elan\\toolchains\\leanprover--lean4---v4.34.0\\bin\\lean.exe C:\\lean\\libs\\Lean-QEC\\LeanQEC\\Stabilizer\\Basic.lean -o C:\\lean\\libs\\Lean-QEC\\.lake\\build\\lib\\lean\\LeanQEC\\Stabilizer\\Basic.olean -i C:\\lean\\libs\\Lean-QEC\\.lake\\build\\lib\\lean\\LeanQEC\\Stabilizer\\Basic.ilean -c C:\\lean\\libs\\Lean-QEC\\.lake\\build\\ir\\LeanQEC\\Stabilizer\\Basic.c --setup C:\\lean\\libs\\Lean-QEC\\.lake\\build\\ir\\LeanQEC\\Stabilizer\\Basic.setup.json --json",
   "level": "trace"}],
 "inputs":
 [["deps",
   [["LeanQEC/LeanQEC:extraDep", [["@LeanQEC:extraDep", "00000000000006bb"]]],
    ["imports",
     [["Mathlib transitive imports (legacy)", "ef59c27523d1dbb3"],
      ["Mathlib:importAllArts", "ca58bc801ef1904e"],
      ["LeanQEC.States.Basic transitive imports (legacy)", "0c1f41104ea3c5ab"],
      ["LeanQEC.States.Basic:importAllArts", "bffc78b55f735ba1"],
      ["LeanQEC.LinearAlgebra.RowspaceKernel transitive imports (legacy)",
       "d265958465839d19"],
      ["LeanQEC.LinearAlgebra.RowspaceKernel:importAllArts",
       "5c887b5c3f8ad0e4"],
      ["LeanQEC.Unitary.Paulis.Basic transitive imports (legacy)",
       "1bf279e04380d80a"],
      ["LeanQEC.Unitary.Paulis.Basic:importAllArts", "ca6a2146281f97a1"],
      ["LeanQEC.Unitary.Paulis.Pauli transitive imports (legacy)",
       "812abd68aea3a8f1"],
      ["LeanQEC.Unitary.Paulis.Pauli:importAllArts", "236d9b1459b4a03a"],
      ["LeanQEC.Unitary.Paulis.PauliTrace transitive imports (legacy)",
       "88ce1b79255cd689"],
      ["LeanQEC.Unitary.Paulis.PauliTrace:importAllArts", "94ba8906e6b5378c"],
      ["LeanQEC.Unitary.Paulis.PauliFolding transitive imports (legacy)",
       "c41d475129f48ae8"],
      ["LeanQEC.Unitary.Paulis.PauliFolding:importAllArts",
       "2fb180f3b217f76f"]]]]],
  ["libs",
   [["import dynlibs", "00000000000006bb"],
    ["package external libraries", "00000000000006bb"],
    ["module dynlibs", "00000000000006bb"],
    ["module plugins", "00000000000006bb"]]],
  ["Lean 4.34.0, commit 293d5d0c0c3f3dded4688b3ccd6a33939ac5102b",
   "a1c6c7aa3e9abfe7"],
  ["C:\\lean\\libs\\Lean-QEC\\LeanQEC\\Stabilizer\\Basic.lean",
   "0b296b361a95e991"],
  ["options", "00000000000006bb"],
  ["isModule: false", "feefd2a0d3a1847e"],
  ["Module.name: LeanQEC.Stabilizer.Basic", "1acd078991b29265"],
  ["Package.id?: (some LeanQEC)", "2d2c6dec2b566741"],
  ["Module.leanArgs: #[]", "00000000000006bb"]],
 "depHash": "2a804fbb8be93114"}