{"synthetic": false,
 "schemaVersion": "2025-09-10",
 "outputs":
 {"o": ["84a236abdb9d0198.olean"],
  "m": false,
  "i": "cf7c18fb4d9c7f37.ilean",
  "c": "249b83c26dd45dc3.c"},
 "log":
 [{"message":
   ".> LEAN_PATH=C:\\lean\\mathlib4\\.lake\\packages\\Cli\\.lake\\build\\lib\\lean;C:\\lean\\mathlib4\\.lake\\packages\\batteries\\.lake\\build\\lib\\lean;C:\\lean\\mathlib4\\.lake\\packages\\Qq\\.lake\\build\\lib\\lean;C:\\lean\\mathlib4\\.lake\\packages\\aesop\\.lake\\build\\lib\\lean;C:\\lean\\mathlib4\\.lake\\packages\\proofwidgets\\.lake\\build\\lib\\lean;C:\\lean\\mathlib4\\.lake\\packages\\importGraph\\.lake\\build\\lib\\lean;C:\\lean\\mathlib4\\.lake\\packages\\LeanSearchClient\\.lake\\build\\lib\\lean;C:\\lean\\mathlib4\\.lake\\packages\\plausible\\.lake\\build\\lib\\lean;C:\\lean\\mathlib4\\.lake\\build\\lib\\lean;C:\\lean\\libs\\Lean-QEC\\.lake\\build\\lib\\lean c:\\Users\\Administrator\\.elan\\toolchains\\leanprover--lean4---v4.34.0-rc1\\bin\\lean.exe C:\\lean\\libs\\Lean-QEC\\LeanQEC\\ComputerAlgebra\\BitVecCorrectness.lean -o C:\\lean\\libs\\Lean-QEC\\.lake\\build\\lib\\lean\\LeanQEC\\ComputerAlgebra\\BitVecCorrectness.olean -i C:\\lean\\libs\\Lean-QEC\\.lake\\build\\lib\\lean\\LeanQEC\\ComputerAlgebra\\BitVecCorrectness.ilean -c C:\\lean\\libs\\Lean-QEC\\.lake\\build\\ir\\LeanQEC\\ComputerAlgebra\\BitVecCorrectness.c --setup C:\\lean\\libs\\Lean-QEC\\.lake\\build\\ir\\LeanQEC\\ComputerAlgebra\\BitVecCorrectness.setup.json --json",
   "level": "trace"}],
 "inputs":
 [["deps",
   [["LeanQEC/LeanQEC:extraDep", [["@LeanQEC:extraDep", "00000000000006bb"]]],
    ["imports",
     [["Mathlib transitive imports (legacy)", "b616e9641d7cce5e"],
      ["Mathlib:importAllArts", "44e495f36cae4177"],
      ["LeanQEC.LinearAlgebra.RowspaceKernel transitive imports (legacy)",
       "781be12c13fb5463"],
      ["LeanQEC.LinearAlgebra.RowspaceKernel:importAllArts",
       "8b8e9fa287f210b3"],
      ["LeanQEC.ComputerAlgebra.BitVecSAT transitive imports (legacy)",
       "13b6b71342cde1ac"],
      ["LeanQEC.ComputerAlgebra.BitVecSAT:importAllArts",
       "9f1c275fe5e82606"]]]]],
  ["libs",
   [["import dynlibs", "00000000000006bb"],
    ["package external libraries", "00000000000006bb"],
    ["module dynlibs", "00000000000006bb"],
    ["module plugins", "00000000000006bb"]]],
  ["Lean 4.34.0, commit 3447a668783dbce1a8fdb97101dd067687b2b418",
   "421484e3e0c70198"],
  ["C:\\lean\\libs\\Lean-QEC\\LeanQEC\\ComputerAlgebra\\BitVecCorrectness.lean",
   "5cf73f14ee29c81a"],
  ["options", "00000000000006bb"],
  ["isModule: false", "feefd2a0d3a1847e"],
  ["Module.name: LeanQEC.ComputerAlgebra.BitVecCorrectness",
   "2e8242cf6355daef"],
  ["Package.id?: (some LeanQEC)", "2d2c6dec2b566741"],
  ["Module.leanArgs: #[]", "00000000000006bb"]],
 "depHash": "19689fd49fd0ab29"}